administrator: Warning: A component is changing an uncontrolled input of type %s to be controlled. Input elements should not switch from uncontrolled to controlled (or vice versa). Decide between using a controlled or uncontrolled input element for the lifetime of the component. More info: https://fb.me/react-controlled-components%s text 
    in input (created by t)
    in t (created by CheckedComponent)
    in CheckedComponent (created by BaseTreeContainer)
    in ComponentErrorBoundary (created by BaseTreeContainer)
    in BaseTreeContainer (created by DashWrapper)
    in DashWrapper (created by BaseTreeContainer)
    in div (created by st)
    in st (created by CheckedComponent)
    in CheckedComponent (created by BaseTreeContainer)
    in ComponentErrorBoundary (created by BaseTreeContainer)
    in BaseTreeContainer (created by DashWrapper)
    in DashWrapper (created by BaseTreeContainer)
    in div (created by st)
    in st (created by CheckedComponent)
    in CheckedComponent (created by BaseTreeContainer)
    in ComponentErrorBoundary (created by BaseTreeContainer)
    in BaseTreeContainer (created by DashWrapper)
    in DashWrapper (created by BaseTreeContainer)
    in div (created by st)
    in st (created by CheckedComponent)
    in CheckedComponent (created by BaseTreeContainer)
    in ComponentErrorBoundary (created by BaseTreeContainer)
    in BaseTreeContainer (created by DashWrapper)
    in DashWrapper (created by BaseTreeContainer)
    in div (created by st)
    in st (created by CheckedComponent)
    in CheckedComponent (created by BaseTreeContainer)
    in ComponentErrorBoundary (created by BaseTreeContainer)
    in BaseTreeContainer (created by DashWrapper)
    in DashWrapper (created by BaseTreeContainer)
    in div (created by st)
    in st (created by CheckedComponent)
    in CheckedComponent (created by BaseTreeContainer)
    in ComponentErrorBoundary (created by BaseTreeContainer)
    in BaseTreeContainer (created by DashWrapper)
    in DashWrapper (created by BaseTreeContainer)
    in div (created by st)
    in st (created by CheckedComponent)
    in CheckedComponent (created by BaseTreeContainer)
    in ComponentErrorBoundary (created by BaseTreeContainer)
    in BaseTreeContainer (created by DashWrapper)
    in DashWrapper (created by BaseTreeContainer)
    in div (created by st)
    in st (created by CheckedComponent)
    in CheckedComponent (created by BaseTreeContainer)
    in ComponentErrorBoundary (created by BaseTreeContainer)
    in BaseTreeContainer (created by DashWrapper)
    in DashWrapper (created by BaseTreeContainer)
    in div (created by st)
    in st (created by CheckedComponent)
    in CheckedComponent (created by BaseTreeContainer)
    in ComponentErrorBoundary (created by BaseTreeContainer)
    in BaseTreeContainer (created by DashWrapper)
    in DashWrapper (created by UnconnectedContainer)
    in div (created by UnconnectedGlobalErrorContainer)
    in div (created by GlobalErrorOverlay)
    in div (created by GlobalErrorOverlay)
    in GlobalErrorOverlay (created by DebugMenu)
    in div (created by DebugMenu)
    in DebugMenu (created by UnconnectedGlobalErrorContainer)
    in div (created by UnconnectedGlobalErrorContainer)
    in UnconnectedGlobalErrorContainer (created by Connect(UnconnectedGlobalErrorContainer))
    in Connect(UnconnectedGlobalErrorContainer) (created by UnconnectedContainer)
    in UnconnectedContainer (created by Connect(UnconnectedContainer))
    in Connect(UnconnectedContainer) (created by UnconnectedAppContainer)
    in UnconnectedAppContainer (created by Connect(UnconnectedAppContainer))
    in Connect(UnconnectedAppContainer) (created by AppProvider)
    in Provider (created by AppProvider)
    in AppProvider
general: Warning: A component is changing an uncontrolled input of type %s to be controlled. Input elements should not switch from uncontrolled to controlled (or vice versa). Decide between using a controlled or uncontrolled input element for the lifetime of the component. More info: https://fb.me/react-controlled-components%s text 
    in input (created by t)
    in t (created by CheckedComponent)
    in CheckedComponent (created by BaseTreeContainer)
    in ComponentErrorBoundary (created by BaseTreeContainer)
    in BaseTreeContainer (created by DashWrapper)
    in DashWrapper (created by BaseTreeContainer)
    in div (created by st)
    in st (created by CheckedComponent)
    in CheckedComponent (created by BaseTreeContainer)
    in ComponentErrorBoundary (created by BaseTreeContainer)
    in BaseTreeContainer (created by DashWrapper)
    in DashWrapper (created by BaseTreeContainer)
    in div (created by st)
    in st (created by CheckedComponent)
    in CheckedComponent (created by BaseTreeContainer)
    in ComponentErrorBoundary (created by BaseTreeContainer)
    in BaseTreeContainer (created by DashWrapper)
    in DashWrapper (created by BaseTreeContainer)
    in div (created by st)
    in st (created by CheckedComponent)
    in CheckedComponent (created by BaseTreeContainer)
    in ComponentErrorBoundary (created by BaseTreeContainer)
    in BaseTreeContainer (created by DashWrapper)
    in DashWrapper (created by BaseTreeContainer)
    in div (created by st)
    in st (created by CheckedComponent)
    in CheckedComponent (created by BaseTreeContainer)
    in ComponentErrorBoundary (created by BaseTreeContainer)
    in BaseTreeContainer (created by DashWrapper)
    in DashWrapper (created by BaseTreeContainer)
    in div (created by st)
    in st (created by CheckedComponent)
    in CheckedComponent (created by BaseTreeContainer)
    in ComponentErrorBoundary (created by BaseTreeContainer)
    in BaseTreeContainer (created by DashWrapper)
    in DashWrapper (created by BaseTreeContainer)
    in div (created by st)
    in st (created by CheckedComponent)
    in CheckedComponent (created by BaseTreeContainer)
    in ComponentErrorBoundary (created by BaseTreeContainer)
    in BaseTreeContainer (created by DashWrapper)
    in DashWrapper (created by BaseTreeContainer)
    in div (created by st)
    in st (created by CheckedComponent)
    in CheckedComponent (created by BaseTreeContainer)
    in ComponentErrorBoundary (created by BaseTreeContainer)
    in BaseTreeContainer (created by DashWrapper)
    in DashWrapper (created by BaseTreeContainer)
    in div (created by st)
    in st (created by CheckedComponent)
    in CheckedComponent (created by BaseTreeContainer)
    in ComponentErrorBoundary (created by BaseTreeContainer)
    in BaseTreeContainer (created by DashWrapper)
    in DashWrapper (created by UnconnectedContainer)
    in div (created by UnconnectedGlobalErrorContainer)
    in div (created by GlobalErrorOverlay)
    in div (created by GlobalErrorOverlay)
    in GlobalErrorOverlay (created by DebugMenu)
    in div (created by DebugMenu)
    in DebugMenu (created by UnconnectedGlobalErrorContainer)
    in div (created by UnconnectedGlobalErrorContainer)
    in UnconnectedGlobalErrorContainer (created by Connect(UnconnectedGlobalErrorContainer))
    in Connect(UnconnectedGlobalErrorContainer) (created by UnconnectedContainer)
    in UnconnectedContainer (created by Connect(UnconnectedContainer))
    in Connect(UnconnectedContainer) (created by UnconnectedAppContainer)
    in UnconnectedAppContainer (created by Connect(UnconnectedAppContainer))
    in Connect(UnconnectedAppContainer) (created by AppProvider)
    in Provider (created by AppProvider)
    in AppProvider
technician: Warning: A component is changing an uncontrolled input of type %s to be controlled. Input elements should not switch from uncontrolled to controlled (or vice versa). Decide between using a controlled or uncontrolled input element for the lifetime of the component. More info: https://fb.me/react-controlled-components%s text 
    in input (created by t)
    in t (created by CheckedComponent)
    in CheckedComponent (created by BaseTreeContainer)
    in ComponentErrorBoundary (created by BaseTreeContainer)
    in BaseTreeContainer (created by DashWrapper)
    in DashWrapper (created by BaseTreeContainer)
    in div (created by st)
    in st (created by CheckedComponent)
    in CheckedComponent (created by BaseTreeContainer)
    in ComponentErrorBoundary (created by BaseTreeContainer)
    in BaseTreeContainer (created by DashWrapper)
    in DashWrapper (created by BaseTreeContainer)
    in div (created by st)
    in st (created by CheckedComponent)
    in CheckedComponent (created by BaseTreeContainer)
    in ComponentErrorBoundary (created by BaseTreeContainer)
    in BaseTreeContainer (created by DashWrapper)
    in DashWrapper (created by BaseTreeContainer)
    in div (created by st)
    in st (created by CheckedComponent)
    in CheckedComponent (created by BaseTreeContainer)
    in ComponentErrorBoundary (created by BaseTreeContainer)
    in BaseTreeContainer (created by DashWrapper)
    in DashWrapper (created by BaseTreeContainer)
    in div (created by st)
    in st (created by CheckedComponent)
    in CheckedComponent (created by BaseTreeContainer)
    in ComponentErrorBoundary (created by BaseTreeContainer)
    in BaseTreeContainer (created by DashWrapper)
    in DashWrapper (created by BaseTreeContainer)
    in div (created by st)
    in st (created by CheckedComponent)
    in CheckedComponent (created by BaseTreeContainer)
    in ComponentErrorBoundary (created by BaseTreeContainer)
    in BaseTreeContainer (created by DashWrapper)
    in DashWrapper (created by BaseTreeContainer)
    in div (created by st)
    in st (created by CheckedComponent)
    in CheckedComponent (created by BaseTreeContainer)
    in ComponentErrorBoundary (created by BaseTreeContainer)
    in BaseTreeContainer (created by DashWrapper)
    in DashWrapper (created by BaseTreeContainer)
    in div (created by st)
    in st (created by CheckedComponent)
    in CheckedComponent (created by BaseTreeContainer)
    in ComponentErrorBoundary (created by BaseTreeContainer)
    in BaseTreeContainer (created by DashWrapper)
    in DashWrapper (created by BaseTreeContainer)
    in div (created by st)
    in st (created by CheckedComponent)
    in CheckedComponent (created by BaseTreeContainer)
    in ComponentErrorBoundary (created by BaseTreeContainer)
    in BaseTreeContainer (created by DashWrapper)
    in DashWrapper (created by UnconnectedContainer)
    in div (created by UnconnectedGlobalErrorContainer)
    in div (created by GlobalErrorOverlay)
    in div (created by GlobalErrorOverlay)
    in GlobalErrorOverlay (created by DebugMenu)
    in div (created by DebugMenu)
    in DebugMenu (created by UnconnectedGlobalErrorContainer)
    in div (created by UnconnectedGlobalErrorContainer)
    in UnconnectedGlobalErrorContainer (created by Connect(UnconnectedGlobalErrorContainer))
    in Connect(UnconnectedGlobalErrorContainer) (created by UnconnectedContainer)
    in UnconnectedContainer (created by Connect(UnconnectedContainer))
    in Connect(UnconnectedContainer) (created by UnconnectedAppContainer)
    in UnconnectedAppContainer (created by Connect(UnconnectedAppContainer))
    in Connect(UnconnectedAppContainer) (created by AppProvider)
    in Provider (created by AppProvider)
    in AppProvider